MOCK-FUSION REBUILD (STRICT mode: a cut tool that misses its body, or a join of bodies that do not touch, is REFUSED) of every part script vs the released STEP
(OpenCascade under Fusion's API calls; boolean difference both ways)

fit_01_servo_pinch             bodies 1  timeline    5  released-minus-built 0.00000  built-minus-released 0.00000 mm3  OK  (0 s)
fit_02_6806_seat               bodies 1  timeline    8  released-minus-built 0.00000  built-minus-released 0.00000 mm3  OK  (0 s)
fit_03_6706_seat               bodies 1  timeline    8  released-minus-built 0.00000  built-minus-released 0.00000 mm3  OK  (0 s)
fit_04_shaft_stub              bodies 1  timeline    8  released-minus-built 0.00000  built-minus-released 0.00000 mm3  OK  (0 s)
fit_05_centring_ring           bodies 1  timeline    2  released-minus-built 0.00000  built-minus-released 0.00000 mm3  OK  (0 s)
fit_06_holes                   bodies 1  timeline   17  released-minus-built 0.00000  built-minus-released 0.00000 mm3  OK  (0 s)
fit_07_servo_screws            bodies 1  timeline  111  released-minus-built 0.00000  built-minus-released 0.00000 mm3  OK  (1 s)
01_base_x1                     bodies 1  timeline   65  released-minus-built 0.00000  built-minus-released 0.00000 mm3  OK  (4 s)
02_spigot_collar_x1            bodies 1  timeline   30  released-minus-built 0.00000  built-minus-released 0.00000 mm3  OK  (1 s)
03_j1_mount_x1                 bodies 1  timeline  198  released-minus-built 0.00000  built-minus-released 0.00000 mm3  OK  (2 s)
04_j1_hub_x1                   bodies 1  timeline   39  released-minus-built 0.00000  built-minus-released 0.00000 mm3  OK  (1 s)
05_J2_turret_p1_x1             bodies 1  timeline  170  released-minus-built 0.00000  built-minus-released 0.00000 mm3  OK  (2 s)
06_J2_turret_p2_x1             bodies 1  timeline  265  released-minus-built 0.00000  built-minus-released 0.00000 mm3  OK  (2 s)
07_J2_shaft_x1                 bodies 1  timeline   36  released-minus-built 0.00000  built-minus-released 0.00000 mm3  OK  (0 s)
08_shaft_clamp_x4              bodies 1  timeline   16  released-minus-built 0.00000  built-minus-released 0.00000 mm3  OK  (1 s)
09_link_upper_groove_x1        bodies 1  timeline  105  released-minus-built 0.00000  built-minus-released 0.00000 mm3  OK  (10 s)
10_link_upper_tongue_x1        bodies 1  timeline  130  released-minus-built 0.00608  built-minus-released 0.00619 mm3  OK  (3 s)
11_collar_upper_x2             bodies 1  timeline   23  released-minus-built 0.00000  built-minus-released 0.00000 mm3  OK  (0 s)
12_J3_p1_x1                    bodies 1  timeline  226  released-minus-built 0.00000  built-minus-released 0.00000 mm3  OK  (3 s)
13_J3_p2_x1                    bodies 1  timeline  272  released-minus-built 0.00000  built-minus-released 0.00000 mm3  OK  (2 s)
14_J3_shaft_x1                 bodies 1  timeline   27  released-minus-built 0.00000  built-minus-released 0.00000 mm3  OK  (0 s)
15_link_fore_tongue_x1         bodies 1  timeline  129  released-minus-built 0.00000  built-minus-released 0.00000 mm3  OK  (4 s)
16_link_fore_groove_x1         bodies 1  timeline  135  released-minus-built 0.00000  built-minus-released 0.00000 mm3  OK  (15 s)
17_collar_fore_x2              bodies 1  timeline   23  released-minus-built 0.00000  built-minus-released 0.00000 mm3  OK  (0 s)
18_j4_base_x1                  bodies 1  timeline   96  released-minus-built 0.00000  built-minus-released 0.00000 mm3  OK  (1 s)
19_j4_cap_x1                   bodies 1  timeline   35  released-minus-built 0.00000  built-minus-released 0.00000 mm3  OK  (0 s)
20_j4_hub_x1                   bodies 1  timeline   47  released-minus-built 0.00000  built-minus-released 0.00000 mm3  OK  (0 s)
21_J5_p1_x1                    bodies 1  timeline  162  released-minus-built 0.00000  built-minus-released 0.00000 mm3  OK  (2 s)
22_J5_p2_x1                    bodies 1  timeline  261  released-minus-built 0.00000  built-minus-released 0.00000 mm3  OK  (2 s)
23_J5_shaft_x1                 bodies 1  timeline   24  released-minus-built 0.00000  built-minus-released 0.00000 mm3  OK  (0 s)
24_J5_spacer_x2                bodies 1  timeline    2  released-minus-built 0.00000  built-minus-released 0.00000 mm3  OK  (0 s)
25_j6_body_x1                  bodies 1  timeline  122  released-minus-built 0.00000  built-minus-released 0.00000 mm3  OK  (1 s)
26_j6_cap_x1                   bodies 1  timeline   47  released-minus-built 0.00000  built-minus-released 0.00000 mm3  OK  (0 s)
27_j6_flange_x1                bodies 1  timeline   63  released-minus-built 0.00000  built-minus-released 0.00000 mm3  OK  (0 s)

34 scripts, 0 FAIL
