   J2_shaft           | servo_J2             166 pts  depth 0.000  surface
   J2_shaft           | shaft_clamp_1         25 pts  depth 0.032  surface
   J2_shaft           | shaft_clamp_2          4 pts  depth 0.005  surface
   J2_turret_p1       | servo_J2              50 pts  depth 0.011  surface
   J2_turret_p2       | servo_J2             577 pts  depth 0.112  surface
   J3_p1              | link_upper_groove     19 pts  depth 0.073  surface
   J3_p1              | link_upper_tongue     22 pts  depth 0.081  surface
   J3_p1              | servo_J3              57 pts  depth 0.011  surface
   J3_p2              | servo_J3             552 pts  depth 0.112  surface
   J3_shaft           | servo_J3             157 pts  depth 0.000  surface
   J3_shaft           | shaft_clamp_3         29 pts  depth 0.036  surface
   J3_shaft           | shaft_clamp_4         22 pts  depth 0.040  surface
   J5_p1              | servo_J5              60 pts  depth 0.011  surface
   J5_p2              | servo_J5             560 pts  depth 0.112  surface
   J5_shaft           | servo_J5             159 pts  depth 0.000  surface
   j1_hub             | servo_J1             311 pts  depth 0.000  surface
   j1_mount           | servo_J1             470 pts  depth 0.111  surface
   j4_base            | servo_J4             693 pts  depth 0.112  surface
   j4_hub             | servo_J4             143 pts  depth 0.000  surface
   j6_body            | servo_J6             670 pts  depth 0.112  surface
   j6_flange          | servo_J6             151 pts  depth 0.000  surface
