j1_mount [+Z up]      350 layers    0 finding(s)
j1_hub [+Z up]         87 layers    0 finding(s)
J2_turret_p1 [+X up]  420 layers    0 finding(s)
J2_turret_p2 [-Y up]  187 layers    0 finding(s)
J2_shaft [+Y up]      252 layers    0 finding(s)
J3_p1 [-Z up]         265 layers    0 finding(s)
J3_p2 [-Z up]         187 layers    0 finding(s)
J3_shaft [-Z up]      252 layers    0 finding(s)
j4_base [-Z up]       323 layers    0 finding(s)
j4_cap [-Z up]         50 layers    0 finding(s)
j4_hub [-Z up]        102 layers    0 finding(s)
J5_p1 [+X up]         331 layers    0 finding(s)
J5_p2 [-Z up]         187 layers    0 finding(s)
J5_shaft [-Z up]      227 layers    0 finding(s)
J5_spacer [-Z up]      15 layers    0 finding(s)
j6_body [-X up]       433 layers    0 finding(s)
j6_cap [-X up]         50 layers    0 finding(s)
j6_flange [-X up]     102 layers    0 finding(s)
collar_upper [+Z up]   50 layers    0 finding(s)
collar_fore [+Z up]    50 layers    0 finding(s)
base [+Z up]          250 layers    0 finding(s)
spigot_collar [+Z up]   60 layers    0 finding(s)
link_fore_tongue [+Z up]   81 layers    1 finding(s)
      MARGINAL     z= 16.100  only 0.0% of the layer survives erosion
link_fore_groove [+Z up]   72 layers    0 finding(s)
link_upper_tongue [+Z up]   81 layers    1 finding(s)
      MARGINAL     z= 16.100  only 0.0% of the layer survives erosion
shaft_clamp [+Z up]    70 layers    0 finding(s)
