base               +Z up  findings 0  islands 0  overhang  6732 mm2  bed  5332 mm2  supports REQUIRED | +X up:0/6732  +Y up:0/6809  +Z up:0/6732  -X up:0/6970  -Y up:0/6809  -Z up:1/9495
spigot_collar      +Z up  findings 0  islands 0  overhang    80 mm2  bed   962 mm2  supports none     | +X up:1/726  +Y up:0/691  +Z up:0/80  -X up:1/717  -Y up:2/674  -Z up:0/851
j1_mount           +Z up  findings 0  islands 0  overhang   112 mm2  bed 12799 mm2  supports none     | +X up:0/5598  +Y up:1/8946  +Z up:0/112  -X up:0/5604  -Y up:1/8946  -Z up:1/12394
j1_hub             +Z up  findings 0  islands 0  overhang   243 mm2  bed   359 mm2  supports advised  | +X up:0/628  +Y up:0/615  +Z up:0/243  -X up:0/537  -Y up:0/524  -Z up:0/355
J2_turret_p1       +X up  findings 0  islands 0  overhang  5206 mm2  bed   847 mm2  supports REQUIRED | +X up:0/5206  +Y up:0/10067  +Z up:0/7576  -X up:0/5305  -Y up:1/12568  -Z up:0/7767
J2_turret_p2       -Y up  findings 0  islands 0  overhang  1254 mm2  bed  3845 mm2  supports advised  | +X up:0/3502  +Y up:0/2424  +Z up:0/4412  -X up:0/3682  -Y up:0/1254  -Z up:0/4412
J2_shaft           +Y up  findings 0  islands 0  overhang     5 mm2  bed   642 mm2  supports none     | +X up:0/1747  +Y up:0/5  +Z up:0/1683  -X up:0/1931  -Y up:0/360  -Z up:0/1683
shaft_clamp        +Z up  findings 0  islands 0  overhang    15 mm2  bed   368 mm2  supports none     | +X up:1/580  +Y up:1/707  +Z up:0/15  -X up:1/515  -Y up:1/707  -Z up:0/15
link_upper_groove  +Z up  findings 0  islands 0  overhang   275 mm2  bed  4069 mm2  supports advised  | +X up:2/1774  +Y up:0/2399  +Z up:0/275  -X up:1/1523  -Y up:0/2399  -Z up:0/3425
link_upper_tongue  +Z up  findings 0  islands 0  overhang   366 mm2  bed  3973 mm2  supports advised  | +X up:2/1872  +Y up:0/2559  +Z up:0/366  -X up:1/1607  -Y up:0/2560  -Z up:0/4032
collar_upper       +Z up  findings 0  islands 0  overhang   115 mm2  bed   518 mm2  supports none     | +X up:0/322  +Y up:0/504  +Z up:0/115  -X up:0/322  -Y up:0/539  -Z up:0/115
J3_p1              -Z up  findings 0  islands 0  overhang  2984 mm2  bed  2233 mm2  supports REQUIRED | +X up:0/3595  +Y up:2/2486  +Z up:0/3632  -X up:0/3676  -Y up:2/2486  -Z up:0/2984
J3_p2              -Z up  findings 0  islands 0  overhang     0 mm2  bed  1713 mm2  supports none     | +X up:3/3105  +Y up:2/6899  +Z up:0/848  -X up:0/4477  -Y up:2/6899  -Z up:0/0
J3_shaft           -Z up  findings 0  islands 0  overhang     5 mm2  bed   642 mm2  supports none     | +X up:0/1747  +Y up:0/1864  +Z up:0/360  -X up:0/1747  -Y up:0/1683  -Z up:0/5
link_fore_tongue   +Z up  findings 0  islands 0  overhang   404 mm2  bed  5616 mm2  supports advised  | +X up:2/2125  +Y up:0/3175  +Z up:0/404  -X up:1/1860  -Y up:0/3177  -Z up:0/5578
link_fore_groove   +Z up  findings 0  islands 0  overhang   275 mm2  bed  5751 mm2  supports advised  | +X up:2/2070  +Y up:0/2754  +Z up:0/275  -X up:1/1801  -Y up:0/2753  -Z up:0/5028
collar_fore        +Z up  findings 0  islands 0  overhang   115 mm2  bed   518 mm2  supports none     | +X up:0/322  +Y up:0/504  +Z up:0/115  -X up:0/322  -Y up:0/539  -Z up:0/115
j4_base            -Z up  findings 0  islands 0  overhang  1497 mm2  bed   637 mm2  supports advised  | +X up:0/2420  +Y up:1/2919  +Z up:0/1890  -X up:0/1750  -Y up:1/2699  -Z up:0/1497
j4_cap             -Z up  findings 0  islands 0  overhang    84 mm2  bed  1163 mm2  supports none     | +X up:0/726  +Y up:0/871  +Z up:0/168  -X up:0/419  -Y up:0/871  -Z up:0/84
j4_hub             -Z up  findings 0  islands 0  overhang   105 mm2  bed  1498 mm2  supports none     | +X up:0/1058  +Y up:0/1013  +Z up:0/957  -X up:0/1058  -Y up:0/1013  -Z up:0/105
J5_p1              +X up  findings 0  islands 0  overhang   878 mm2  bed  2231 mm2  supports advised  | +X up:0/878  +Y up:0/1320  +Z up:0/2770  -X up:1/2968  -Y up:0/1320  -Z up:0/2142
J5_p2              -Z up  findings 0  islands 0  overhang     0 mm2  bed  1686 mm2  supports none     | +X up:3/3105  +Y up:2/6686  +Z up:0/848  -X up:0/4477  -Y up:2/6686  -Z up:0/0
J5_shaft           -Z up  findings 0  islands 0  overhang     5 mm2  bed   642 mm2  supports none     | +X up:0/1569  +Y up:0/1693  +Z up:0/360  -X up:0/1569  -Y up:0/1513  -Z up:0/5
J5_spacer          -Z up  findings 0  islands 0  overhang     0 mm2  bed    88 mm2  supports none     | +X up:0/125  +Y up:0/121  +Z up:0/0  -X up:0/125  -Y up:0/121  -Z up:0/0
j6_body            -X up  findings 0  islands 0  overhang  1651 mm2  bed   772 mm2  supports REQUIRED | +X up:0/2077  +Y up:2/3234  +Z up:1/4071  -X up:0/1651  -Y up:1/2918  -Z up:1/4071
j6_cap             -X up  findings 0  islands 0  overhang    78 mm2  bed  1235 mm2  supports none     | +X up:0/168  +Y up:0/751  +Z up:0/805  -X up:0/78  -Y up:0/419  -Z up:0/805
j6_flange          -X up  findings 0  islands 0  overhang   105 mm2  bed  1498 mm2  supports none     | +X up:0/957  +Y up:0/1058  +Z up:0/1013  -X up:0/105  -Y up:0/1058  -Z up:0/1013
written /home/user/ros2_ws/Arm_450_new_design/REV_H/PRINT_ORIENTATION.json
