BASE-TO-FLANGE ORDER -- tool access at every step

  ok   m4_base_foot_2         step  3 (Base with the two J1 bearings onto the foot): clear then; in the finished arm J2_turret_p2 cover(s) it
  ok   m4_base_foot_3         step  3 (Base with the two J1 bearings onto the foot): clear then; in the finished arm J2_turret_p2 cover(s) it
  ok   ear_bolt_upper         step  5 (BENCH: upper link halves round their centring rings): clear then; in the finished arm J2_turret_p1, brg_J2_idle cover(s) it
  ok   seam_upper_0           step  5 (BENCH: upper link halves round their centring rings): clear then; in the finished arm J2_turret_p1 cover(s) it
  ok   seam_upper_1           step  5 (BENCH: upper link halves round their centring rings): clear then; in the finished arm J2_turret_p1 cover(s) it
  ok   horn_screw_J2_0        step  6 (BENCH: J2 servo onto its printed shaft): clear then; in the finished arm J2_turret_p1 cover(s) it
  ok   horn_screw_J2_180      step  6 (BENCH: J2 servo onto its printed shaft): clear then; in the finished arm J2_turret_p1 cover(s) it
  ok   horn_screw_J2_270      step  6 (BENCH: J2 servo onto its printed shaft): clear then; in the finished arm J2_turret_p1 cover(s) it
  ok   horn_screw_J2_90       step  6 (BENCH: J2 servo onto its printed shaft): clear then; in the finished arm J2_turret_p1 cover(s) it
  ok   j3fork_link_0          step  9 (J3 fork onto the top of the upper link): clear then; in the finished arm shaft_clamp_3, link_fore_groove, seam_ins_fore_0, link_set_3_270 cover(s) it
  ok   j3fork_link_1          step  9 (J3 fork onto the top of the upper link): clear then; in the finished arm shaft_clamp_4, link_fore_tongue, seam_fore_1, link_set_4_90 cover(s) it
  ok   j3fork_link_2          step  9 (J3 fork onto the top of the upper link): clear then; in the finished arm shaft_clamp_3, link_fore_groove, seam_ins_fore_1, link_set_3_90 cover(s) it
  ok   j3fork_link_3          step  9 (J3 fork onto the top of the upper link): clear then; in the finished arm shaft_clamp_4, link_fore_tongue, seam_fore_0, link_set_4_270 cover(s) it
  ok   ear_bolt_fore          step 10 (BENCH: forearm halves round their centring rings): clear then; in the finished arm J3_p1, brg_J3_drive cover(s) it
  ok   seam_fore_0            step 10 (BENCH: forearm halves round their centring rings): clear then; in the finished arm J3_p1, J3_p2 cover(s) it
  ok   seam_fore_1            step 10 (BENCH: forearm halves round their centring rings): clear then; in the finished arm J3_p1, J3_p2 cover(s) it
  ok   seam_fore_4            step 10 (BENCH: forearm halves round their centring rings): clear then; in the finished arm collar_fore_+y cover(s) it
  ok   seam_fore_5            step 10 (BENCH: forearm halves round their centring rings): clear then; in the finished arm collar_fore_+y cover(s) it
  ok   j4base_forearm_0       step 14 (J4 base onto the top of the forearm): clear then; in the finished arm j4_cap, j4_hub, brg_J4 cover(s) it
  ok   j4base_forearm_1       step 14 (J4 base onto the top of the forearm): clear then; in the finished arm j4_cap, j4_hub, brg_J4 cover(s) it
  ok   j4base_forearm_2       step 14 (J4 base onto the top of the forearm): clear then; in the finished arm j4_cap, j4_hub, servo_J4, brg_J4 cover(s) it
  ok   j4base_forearm_3       step 14 (J4 base onto the top of the forearm): clear then; in the finished arm j4_cap, j4_hub, servo_J4, brg_J4 cover(s) it
  ok   cap_J4_0               step 15 (J4 servo in (2 screws from under the plate), bearing, cap): clear then; in the finished arm j4_hub, J5_p1, J5_shaft, j6_body, J5_spacer_B cover(s) it
  ok   cap_J4_1               step 15 (J4 servo in (2 screws from under the plate), bearing, cap): clear then; in the finished arm j4_hub, J5_p1, J5_shaft, j6_body, J5_spacer_A cover(s) it
  ok   servo_scr_J4_0         step 15 (J4 servo in (2 screws from under the plate), bearing, cap): clear then; in the finished arm collar_fore_-y cover(s) it
  ok   servo_scr_J4_1         step 15 (J4 servo in (2 screws from under the plate), bearing, cap): clear then; in the finished arm collar_fore_+y cover(s) it
  ok   horn_screw_J4_0        step 16 (J4 hub onto the J4 servo horn): clear then; in the finished arm J5_p1, J5_shaft, j6_body cover(s) it
  ok   horn_screw_J4_180      step 16 (J4 hub onto the J4 servo horn): clear then; in the finished arm J5_p1, J5_shaft, j6_body cover(s) it
  ok   horn_screw_J4_270      step 16 (J4 hub onto the J4 servo horn): clear then; in the finished arm J5_p1, J5_shaft, j6_body cover(s) it
  ok   horn_screw_J4_90       step 16 (J4 hub onto the J4 servo horn): clear then; in the finished arm J5_p1, J5_shaft, j6_body cover(s) it
  ok   j5fork_j4hub_0         step 17 (J5 fork onto the J4 hub): clear then; in the finished arm j6_body cover(s) it
  ok   j5fork_j4hub_1         step 17 (J5 fork onto the J4 hub): clear then; in the finished arm j6_body cover(s) it
  ok   j5fork_j4hub_2         step 17 (J5 fork onto the J4 hub): clear then; in the finished arm j6_body, servo_J6 cover(s) it
  ok   j5fork_j4hub_3         step 17 (J5 fork onto the J4 hub): clear then; in the finished arm j6_body, servo_J6 cover(s) it
  ok   cap_J6_0               step 18 (BENCH: wrist blade -- J6 servo in, bearing, cap): clear then; in the finished arm j6_flange cover(s) it
  ok   cap_J6_1               step 18 (BENCH: wrist blade -- J6 servo in, bearing, cap): clear then; in the finished arm j6_flange cover(s) it

TOOL ACCESS: 114 screws, 78 clear even in the finished arm, 36 clear at their build step (covered later), 0 BLOCKED at their step; 0 components outside the sequence
