SCREW HEADS vs TURNING PARTS -- each joint alone, -180..+180 deg (1 deg)
  J1 collar_pinch         min 2.00 mm in +-90.0 (at -90 deg, vs base)   would touch at never (-) / never (+)   ok
  J2 split_J2_0           min 6.39 mm in +-54.0 (at +9 deg, vs link_upper_groove)   would touch at never (-) / never (+)   ok
  J2 split_J2_1           min 6.39 mm in +-54.0 (at -52 deg, vs link_upper_groove)   would touch at never (-) / never (+)   ok
  J2 split_J2_2           min 6.39 mm in +-54.0 (at -23 deg, vs link_upper_groove)   would touch at never (-) / never (+)   ok
  J2 split_J2_3           min 6.62 mm in +-54.0 (at -54 deg, vs link_upper_groove)   would touch at never (-) / never (+)   ok
  J2 pin_J2_turret_-1     min 4.50 mm in +-54.0 (at -49 deg, vs link_upper_groove)   would touch at never (-) / never (+)   ok
  J2 pin_J2_turret_+1     min 4.50 mm in +-54.0 (at -47 deg, vs link_upper_tongue)   would touch at never (-) / never (+)   ok
  J2 seam_upper_0         min 1.20 mm in +-54.0 (at -51 deg, vs J2_turret_p1)   would touch at never (-) / never (+)   ok
  J2 seam_upper_1         min 1.20 mm in +-54.0 (at +48 deg, vs J2_turret_p1)   would touch at never (-) / never (+)   ok
  J2 seam_upper_2         min 9.28 mm in +-54.0 (at -38 deg, vs J2_turret_p1)   would touch at -122 deg / +157 deg   ok
  J2 seam_upper_3         min 9.28 mm in +-54.0 (at +38 deg, vs J2_turret_p1)   would touch at -157 deg / +122 deg   ok
  J2 ear_bolt_upper       min 1.20 mm in +-54.0 (at -54 deg, vs J2_turret_p1)   would touch at never (-) / never (+)   ok
  J2 link_set_1_90        min 5.50 mm in +-54.0 (at -37 deg, vs J2_turret_p1)   would touch at never (-) / never (+)   ok
  J2 link_set_1_270       min 5.50 mm in +-54.0 (at -36 deg, vs J2_turret_p1)   would touch at never (-) / never (+)   ok
  J2 link_set_2_90        min 5.50 mm in +-54.0 (at -50 deg, vs J2_turret_p1)   would touch at never (-) / never (+)   ok
  J2 link_set_2_270       min 5.50 mm in +-54.0 (at -51 deg, vs J2_turret_p1)   would touch at never (-) / never (+)   ok
  J2 pin_J2_collar_-1     min 15.98 mm in +-54.0 (at -54 deg, vs J2_turret_p2)   would touch at -147 deg / +147 deg   ok
  J2 pin_J2_collar_+1     min 19.40 mm in +-54.0 (at +54 deg, vs J2_turret_p1)   would touch at -147 deg / +147 deg   ok
  J2 collar_clamp_158_-1  min 22.38 mm in +-54.0 (at +34 deg, vs J2_turret_p1)   would touch at -168 deg / +122 deg   ok
  J2 collar_clamp_158_+1  min 22.38 mm in +-54.0 (at -34 deg, vs J2_turret_p1)   would touch at -122 deg / +168 deg   ok
  J3 split_J3_0           min 6.39 mm in +-72.0 (at -72 deg, vs link_fore_tongue)   would touch at never (-) / never (+)   ok
  J3 split_J3_1           min 6.39 mm in +-72.0 (at -72 deg, vs link_fore_tongue)   would touch at never (-) / never (+)   ok
  J3 split_J3_2           min 6.39 mm in +-72.0 (at -28 deg, vs link_fore_tongue)   would touch at never (-) / never (+)   ok
  J3 split_J3_3           min 6.39 mm in +-72.0 (at -72 deg, vs link_fore_tongue)   would touch at never (-) / never (+)   ok
  J3 j3fork_link_0        min 4.32 mm in +-72.0 (at -72 deg, vs link_fore_groove)   would touch at -94 deg / +152 deg   ok
  J3 j3fork_link_1        min 4.32 mm in +-72.0 (at -72 deg, vs link_fore_tongue)   would touch at -94 deg / +152 deg   ok
  J3 j3fork_link_2        min 4.32 mm in +-72.0 (at +72 deg, vs link_fore_groove)   would touch at -152 deg / +94 deg   ok
  J3 j3fork_link_3        min 4.32 mm in +-72.0 (at +72 deg, vs link_fore_tongue)   would touch at -152 deg / +94 deg   ok
  J3 seam_upper_2         min 36.83 mm in +-72.0 (at -8 deg, vs link_fore_tongue)   would touch at -171 deg / +139 deg   ok
  J3 seam_upper_3         min 36.83 mm in +-72.0 (at +8 deg, vs link_fore_tongue)   would touch at -139 deg / +171 deg   ok
  J3 pin_J2_collar_-1     min 24.65 mm in +-72.0 (at +8 deg, vs link_fore_groove)   would touch at never (-) / never (+)   ok
  J3 pin_J3_fork_-1       min 4.50 mm in +-72.0 (at -32 deg, vs link_fore_groove)   would touch at never (-) / never (+)   ok
  J3 pin_J2_collar_+1     min 24.65 mm in +-72.0 (at -8 deg, vs link_fore_tongue)   would touch at never (-) / never (+)   ok
  J3 pin_J3_fork_+1       min 4.50 mm in +-72.0 (at -32 deg, vs link_fore_tongue)   would touch at never (-) / never (+)   ok
  J3 collar_clamp_158_-1  min 29.92 mm in +-72.0 (at -72 deg, vs link_fore_tongue)   would touch at -124 deg / never (+)   ok
  J3 collar_clamp_158_+1  min 29.92 mm in +-72.0 (at +72 deg, vs link_fore_tongue)   would touch at never (-) / +124 deg   ok
  J3 seam_fore_0          min 1.20 mm in +-72.0 (at -72 deg, vs J3_p1)   would touch at -165 deg / +102 deg   ok
  J3 seam_fore_1          min 1.20 mm in +-72.0 (at -14 deg, vs J3_p1)   would touch at -102 deg / +165 deg   ok
  J3 seam_fore_2          min 5.94 mm in +-72.0 (at -12 deg, vs J3_p1)   would touch at -163 deg / +129 deg   ok
  J3 seam_fore_3          min 5.94 mm in +-72.0 (at +12 deg, vs J3_p1)   would touch at -129 deg / +163 deg   ok
  J3 seam_fore_4          min 34.24 mm in +-72.0 (at -17 deg, vs J3_p1)   would touch at -174 deg / +151 deg   ok
  J3 seam_fore_5          min 34.24 mm in +-72.0 (at +17 deg, vs J3_p1)   would touch at -151 deg / +174 deg   ok
  J3 ear_bolt_fore        min 1.20 mm in +-72.0 (at -72 deg, vs J3_p1)   would touch at never (-) / never (+)   ok
  J3 link_set_3_90        min 2.21 mm in +-72.0 (at +72 deg, vs J3_p1)   would touch at never (-) / never (+)   ok
  J3 link_set_3_270       min 2.21 mm in +-72.0 (at -72 deg, vs J3_p1)   would touch at never (-) / never (+)   ok
  J3 link_set_4_90        min 2.21 mm in +-72.0 (at -72 deg, vs J3_p1)   would touch at never (-) / never (+)   ok
  J3 link_set_4_270       min 2.21 mm in +-72.0 (at +72 deg, vs J3_p1)   would touch at never (-) / never (+)   ok
  J3 pin_J3_collar_-1     min 33.66 mm in +-72.0 (at +5 deg, vs J3_p1)   would touch at -173 deg / +173 deg   ok
  J3 pin_J3_collar_+1     min 33.66 mm in +-72.0 (at -5 deg, vs J3_p1)   would touch at -173 deg / +173 deg   ok
  J4 cap_J4_0             min 1.30 mm in +-90.0 (at -90 deg, vs j4_hub)   would touch at never (-) / never (+)   ok
  J4 cap_J4_1             min 1.30 mm in +-90.0 (at -90 deg, vs j4_hub)   would touch at never (-) / never (+)   ok
  J4 cap_J4_2             min 9.00 mm in +-90.0 (at -58 deg, vs j4_hub)   would touch at never (-) / never (+)   ok
  J4 cap_J4_3             min 9.00 mm in +-90.0 (at -32 deg, vs j4_hub)   would touch at never (-) / never (+)   ok
  J4 j5fork_j4hub_0       min 4.30 mm in +-90.0 (at -90 deg, vs j4_cap)   would touch at never (-) / never (+)   ok
  J4 j5fork_j4hub_1       min 4.30 mm in +-90.0 (at -90 deg, vs j4_cap)   would touch at never (-) / never (+)   ok
  J4 j5fork_j4hub_2       min 4.30 mm in +-90.0 (at -90 deg, vs j4_cap)   would touch at never (-) / never (+)   ok
  J4 j5fork_j4hub_3       min 4.30 mm in +-90.0 (at -90 deg, vs j4_cap)   would touch at never (-) / never (+)   ok
  J5 horn_screw_J4_0      min 25.43 mm in +-46.5 (at +31 deg, vs j6_body)   would touch at -168 deg / +116 deg   ok
  J5 horn_screw_J4_90     min 25.17 mm in +-46.5 (at +43 deg, vs j6_body)   would touch at -159 deg / +125 deg   ok
  J5 horn_screw_J4_180    min 25.43 mm in +-46.5 (at -21 deg, vs j6_body)   would touch at -150 deg / +134 deg   ok
  J5 horn_screw_J4_270    min 25.17 mm in +-46.5 (at +43 deg, vs j6_body)   would touch at -159 deg / +125 deg   ok
  J5 split_J5_0           min 6.90 mm in +-46.5 (at -32 deg, vs j6_body)   would touch at never (-) / never (+)   ok
  J5 split_J5_1           min 6.90 mm in +-46.5 (at +10 deg, vs j6_body)   would touch at never (-) / never (+)   ok
  J5 split_J5_2           min 3.39 mm in +-46.5 (at -6 deg, vs j6_body)   would touch at never (-) / never (+)   ok
  J5 split_J5_3           min 3.39 mm in +-46.5 (at -46 deg, vs j6_body)   would touch at never (-) / never (+)   ok
  J5 cap_J4_0             min 22.23 mm in +-46.5 (at -22 deg, vs j6_body)   would touch at -177 deg / +105 deg   ok
  J5 cap_J4_1             min 22.23 mm in +-46.5 (at -22 deg, vs j6_body)   would touch at -177 deg / +105 deg   ok
  J5 cap_J4_2             min 29.72 mm in +-46.5 (at +30 deg, vs j6_body)   would touch at never (-) / +95 deg   ok
  J5 cap_J4_3             min 29.72 mm in +-46.5 (at +30 deg, vs j6_body)   would touch at never (-) / +95 deg   ok
  J5 j5fork_j4hub_0       min 6.85 mm in +-46.5 (at +42 deg, vs j6_body)   would touch at -107 deg / +172 deg   ok
  J5 j5fork_j4hub_1       min 6.85 mm in +-46.5 (at +42 deg, vs j6_body)   would touch at -107 deg / +172 deg   ok
  J5 j5fork_j4hub_2       min 6.85 mm in +-46.5 (at +8 deg, vs j6_body)   would touch at never (-) / +115 deg   ok
  J5 j5fork_j4hub_3       min 6.85 mm in +-46.5 (at +8 deg, vs j6_body)   would touch at never (-) / +115 deg   ok
  J5 servo_scr_J6_0       min 15.62 mm in +-46.5 (at +46 deg, vs J5_p1)   would touch at never (-) / +97 deg   ok
  J5 servo_scr_J6_1       min 4.91 mm in +-46.5 (at -46 deg, vs J5_p1)   would touch at never (-) / +97 deg   ok
  J5 horn_screw_J6_0      min 30.82 mm in +-46.5 (at -6 deg, vs J5_p1)   would touch at -173 deg / +141 deg   ok
  J5 horn_screw_J6_90     min 27.79 mm in +-46.5 (at +0 deg, vs J5_p1)   would touch at -167 deg / +146 deg   ok
  J5 horn_screw_J6_180    min 30.82 mm in +-46.5 (at +6 deg, vs J5_p1)   would touch at -161 deg / +153 deg   ok
  J5 horn_screw_J6_270    min 34.43 mm in +-46.5 (at +0 deg, vs J5_p1)   would touch at -167 deg / +146 deg   ok
  J5 cap_J6_0             min 39.12 mm in +-46.5 (at -42 deg, vs J5_p1)   would touch at -179 deg / +133 deg   ok
  J5 cap_J6_1             min 24.71 mm in +-46.5 (at +9 deg, vs J5_p2)   would touch at -179 deg / +133 deg   ok
  J5 cap_J6_3             min 29.84 mm in +-46.5 (at -4 deg, vs J5_p2)   would touch at never (-) / +123 deg   ok
  J5 j5_grub              min 6.15 mm in +-46.5 (at -46 deg, vs J5_p1)   would touch at never (-) / never (+)   ok
  J6 cap_J6_0             min 1.30 mm in +-90.0 (at -90 deg, vs j6_flange)   would touch at never (-) / never (+)   ok
  J6 cap_J6_1             min 1.30 mm in +-90.0 (at -90 deg, vs j6_flange)   would touch at never (-) / never (+)   ok
  J6 cap_J6_2             min 9.94 mm in +-90.0 (at -29 deg, vs j6_flange)   would touch at never (-) / never (+)   ok
  J6 cap_J6_3             min 9.94 mm in +-90.0 (at -61 deg, vs j6_flange)   would touch at never (-) / never (+)   ok

HEAD CLEARANCE: 0 screw(s) closer than 1.0 mm to a turning part inside the range
