2026-07-27 16:17:32  === oscillate joints [4, 5, 6]  secs=30.0  amp=20.0deg freq=0.3Hz  go=True ===
2026-07-27 16:17:32  log file: /home/user/robotic_motion/logs/oscillate_20260727_161732.log
2026-07-27 16:18:30  servo 4: start 1810 counts (159.1 deg)
2026-07-27 16:18:30  servo 5: start 3588 counts (315.4 deg)
2026-07-27 16:18:30  servo 6: start 1260 counts (110.7 deg)
2026-07-27 16:18:32  framing OK; oscillating 30s, +/-20 deg @ 0.3 Hz ...
2026-07-27 16:18:33  t= 0.0s  J4 tgt=1810 act=1810(159.1d)  J5 tgt=3815 act=3690(324.3d)  J6 tgt=1259 act=1260(110.7d)
2026-07-27 16:18:34  t= 1.0s  J4 tgt=2023 act=1811(159.2d)  J5 tgt=3508 act=3668(322.4d)  J6 tgt=1046 act=1056(92.8d)
2026-07-27 16:18:35  t= 2.0s  J4 tgt=1661 act=2019(177.5d)  J5 tgt=3415 act=3429(301.4d)  J6 tgt=1408 act=1384(121.6d)
2026-07-27 16:18:36  t= 3.1s  J4 tgt=1700 act=1668(146.6d)  J5 tgt=3787 act=3559(312.8d)  J6 tgt=1369 act=1378(121.1d)
2026-07-27 16:18:37  t= 4.1s  J4 tgt=2035 act=1698(149.2d)  J5 tgt=3620 act=3663(321.9d)  J6 tgt=1034 act=1053(92.5d)
2026-07-27 16:18:38  t= 5.1s  J4 tgt=1762 act=2032(178.6d)  J5 tgt=3365 act=3479(305.8d)  J6 tgt=1307 act=1298(114.1d)
2026-07-27 16:18:39  t= 6.1s  J4 tgt=1618 act=1763(155.0d)  J5 tgt=3710 act=3508(308.3d)  J6 tgt=1451 act=1444(126.9d)
2026-07-27 16:18:40  t= 7.2s  J4 tgt=1991 act=1626(142.9d)  J5 tgt=3724 act=3716(326.6d)  J6 tgt=1078 act=1103(96.9d)
2026-07-27 16:18:41  t= 8.2s  J4 tgt=1874 act=1989(174.8d)  J5 tgt=3369 act=3578(314.5d)  J6 tgt=1195 act=1187(104.3d)
2026-07-27 16:18:42  t= 9.2s  J4 tgt=1582 act=1875(164.8d)  J5 tgt=3603 act=3505(308.1d)  J6 tgt=1487 act=1478(129.9d)
2026-07-27 16:18:43  t=10.2s  J4 tgt=1903 act=1588(139.6d)  J5 tgt=3795 act=3732(328.0d)  J6 tgt=1166 act=1180(103.7d)
2026-07-27 16:18:44  t=11.2s  J4 tgt=1971 act=1905(167.4d)  J5 tgt=3427 act=3648(320.6d)  J6 tgt=1098 act=1107(97.3d)
2026-07-27 16:18:45  t=12.3s  J4 tgt=1603 act=1968(173.0d)  J5 tgt=3492 act=3483(306.1d)  J6 tgt=1466 act=1442(126.7d)
2026-07-27 16:18:46  t=13.3s  J4 tgt=1792 act=1608(141.3d)  J5 tgt=3814 act=3636(319.6d)  J6 tgt=1277 act=1286(113.0d)
2026-07-27 16:18:47  t=14.3s  J4 tgt=2028 act=None(0.0d)  J5 tgt=3525 act=3668(322.4d)  J6 tgt=1041 act=1050(92.3d)
2026-07-27 16:18:48  t=15.3s  J4 tgt=1674 act=2025(178.0d)  J5 tgt=3404 act=3426(301.1d)  J6 tgt=1395 act=1375(120.8d)
2026-07-27 16:18:49  t=16.4s  J4 tgt=1685 act=1676(147.3d)  J5 tgt=3778 act=3548(311.8d)  J6 tgt=1384 act=1389(122.1d)
2026-07-27 16:18:50  t=17.4s  J4 tgt=2031 act=1685(148.1d)  J5 tgt=3637 act=3666(322.2d)  J6 tgt=1038 act=1056(92.8d)
2026-07-27 16:18:51  t=18.4s  J4 tgt=1779 act=2025(178.0d)  J5 tgt=3362 act=3495(307.2d)  J6 tgt=1290 act=1283(112.8d)
2026-07-27 16:18:52  t=19.4s  J4 tgt=1609 act=1778(156.3d)  J5 tgt=3695 act=3506(308.1d)  J6 tgt=1460 act=1452(127.6d)
2026-07-27 16:18:53  t=20.5s  J4 tgt=1980 act=1614(141.9d)  J5 tgt=3738 act=3731(327.9d)  J6 tgt=1089 act=1113(97.8d)
2026-07-27 16:18:54  t=21.5s  J4 tgt=1891 act=1976(173.7d)  J5 tgt=3375 act=3637(319.7d)  J6 tgt=1178 act=1169(102.7d)
2026-07-27 16:18:55  t=22.5s  J4 tgt=1582 act=1891(166.2d)  J5 tgt=3585 act=3508(308.3d)  J6 tgt=1487 act=1476(129.7d)
2026-07-27 16:18:56  t=23.5s  J4 tgt=1887 act=1588(139.6d)  J5 tgt=3802 act=3720(327.0d)  J6 tgt=1182 act=1193(104.9d)
2026-07-27 16:18:57  t=24.5s  J4 tgt=1983 act=1887(165.8d)  J5 tgt=3440 act=3658(321.5d)  J6 tgt=1086 act=1097(96.4d)
2026-07-27 16:18:58  t=25.6s  J4 tgt=1611 act=1978(173.8d)  J5 tgt=3476 act=3469(304.9d)  J6 tgt=1458 act=1433(125.9d)
2026-07-27 16:18:59  t=26.6s  J4 tgt=1774 act=1618(142.2d)  J5 tgt=3812 act=3621(318.3d)  J6 tgt=1295 act=1304(114.6d)
2026-07-27 16:19:00  t=27.6s  J4 tgt=2032 act=1774(155.9d)  J5 tgt=3542 act=3667(322.3d)  J6 tgt=1037 act=1046(91.9d)
2026-07-27 16:19:01  t=28.6s  J4 tgt=1689 act=2030(178.4d)  J5 tgt=3395 act=3428(301.3d)  J6 tgt=1380 act=1363(119.8d)
2026-07-27 16:19:02  t=29.7s  J4 tgt=1671 act=1690(148.5d)  J5 tgt=3768 act=3539(311.0d)  J6 tgt=1398 act=1391(122.3d)
2026-07-27 16:19:05  servo 4: returned 1805 counts (158.6 deg), start 1810
2026-07-27 16:19:05  servo 5: returned 3595 counts (316.0 deg), start 3588
2026-07-27 16:19:05  servo 6: returned 1268 counts (111.4 deg), start 1260
2026-07-27 16:19:05  Done.  log saved: /home/user/robotic_motion/logs/oscillate_20260727_161732.log
